../Core/Src/main.c:141:15:readPC13State	8	static
../Core/Src/main.c:145:15:readPC4State	8	static
../Core/Src/main.c:149:15:readPC5State	8	static
../Core/Src/main.c:153:6:movePaddleLeft	24	static
../Core/Src/main.c:168:6:movePaddleRight	24	static
../Core/Src/main.c:183:6:StartGameTask	16	static
../Core/Src/main.c:214:6:StartPaddleTask	16	static
../Core/Src/main.c:225:6:StartDisplayTask	32	static
../Core/Src/main.c:251:6:StartGameOverTask	24	static
../Core/Src/main.c:302:6:HAL_GPIO_EXTI_Callback	16	static
../Core/Src/main.c:314:5:main	8	static
../Core/Src/main.c:340:6:SystemClock_Config	96	static
../Core/Src/main.c:375:13:MX_I2C1_Init	8	static
../Core/Src/main.c:396:13:MX_GPIO_Init	48	static
../Core/Src/main.c:428:6:Error_Handler	4	static,ignoring_inline_asm
